[www.octonet.ai/index.html]
[backblue.gif]
[fade.gif]
[index.html]
[cdn.prod.website-files.com/66ff0a64ceed9630b09df3a7/css/octonetaitestnetv2.webflow.5c50ad48b.css]
[ajax.googleapis.com/ajax/libs/webfont/1.6.26/webfont.js]
[cdn.prod.website-files.com/66ff0a64ceed9630b09df3a7/673b51ab671d4554585428a1_Introducing Octonet, 2nd project on the launchpad-modified (1).png]
[cdn.prod.website-files.com/66ff0a64ceed9630b09df3a7/673b51d50ebb26d21223477b_Introducing Octonet, 2nd project on the launchpad-modified (2).png]
[cdn.prod.website-files.com/66ff0a64ceed9630b09df3a7/67045aaf5991c9f2789a7e98_test2 (6) (2).png]
[cdn.prod.website-files.com/66ff0a64ceed9630b09df3a7/670d442088b523ffda4bd55a_Untitled design - 2024-10-14T191726.146.png]
[cdn.prod.website-files.com/66ff0a64ceed9630b09df3a7/67251da0331a82c91895cbad_GPU RENTAL.png]
[cdn.prod.website-files.com/66ff0a64ceed9630b09df3a7/67251da06b8f9ca5a9f70994_VPN.png]
[cdn.prod.website-files.com/66ff0a64ceed9630b09df3a7/67251da15dc612c583c183f6_OCTO TERMINAL.png]
[cdn.prod.website-files.com/66ff0a64ceed9630b09df3a7/67251da0cb1e5b9605ee4ec7_AI WALLET.png]
[cdn.prod.website-files.com/66ff0a64ceed9630b09df3a7/67251da0d49f29a9ea0ca96c_AI TOOLS.png]
[cdn.prod.website-files.com/66ff0a64ceed9630b09df3a7/67251da090db7d0db9707134_CLOUD GAMING.png]
[cdn.prod.website-files.com/66ff0a64ceed9630b09df3a7/67251da0f3b210bda39c207c_TRAIN ML.png]
[cdn.prod.website-files.com/66ff0a64ceed9630b09df3a7/67251da023d862e54cb8d87a_AI CLOUD.png]
[cdn.prod.website-files.com/66ff0a64ceed9630b09df3a7/67251da0564483f49190ffd3_MARKETPLACE.png]
[cdn.prod.website-files.com/66ff0a64ceed9630b09df3a7/67251da0e48981916a8bdc67_AI AGENTS.png]
[cdn.prod.website-files.com/66ff0a64ceed9630b09df3a7/67251da1dfe8843028791477_ML MODEL.png]
[cdn.prod.website-files.com/66ff0a64ceed9630b09df3a7/67251da0ecf68380f068231b_GPU NODE.png]
[cdn.prod.website-files.com/66ff0a64ceed9630b09df3a7/66ff9fd00ee59c79be70aac6_logo 500x500 alt 2.png]
[cdn.prod.website-files.com/66ff0a64ceed9630b09df3a7/6706530ecd5f477f5b0eda78_tokenomicsbac.png]
[cdn.prod.website-files.com/66ff0a64ceed9630b09df3a7/6721373ad91487b954f7a25e_roadmap mobile ver.png]
[cdn.prod.website-files.com/66ff0a64ceed9630b09df3a7/6721542f7d2102373eb551b3_roadmapv2bac (2).png]
[cdn.prod.website-files.com/66ff0a64ceed9630b09df3a7/67078fecedf9c38ce0accff5_Token Mobile.png]
[cdn.prod.website-files.com/66ff0a64ceed9630b09df3a7/674b1c7b604eb57ebed9c9d1_Untitled design (4).png]
[cdn.prod.website-files.com/66ff0a64ceed9630b09df3a7/672e4c8b9512eefce9261b89_Untitled design (9).png]
[d3e54v103j8qbb.cloudfront.net/js/jquery-3.5.1.min.dc5e7f18c82742.js]
[www.octonet.ai/index.html]
[cdn.prod.website-files.com/66ff0a64ceed9630b09df3a7/js/webflow.88ee9ef4725c6c6cc271f3bf1a4ffe7d.js]
[cdn.prod.website-files.com/66ff0a64ceed9630b09df3a7/66ff209a63d8c2ee979436aa_base no bac.png]
[cdn.prod.website-files.com/66ff0a64ceed9630b09df3a7/66ff9820d2f1fff7c508aa4a_base no bac 4.png]
[cdn.prod.website-files.com/66ff0a64ceed9630b09df3a7/css/octonetaitestnetv2.webflow.5c50ad48b.css]
